Archive member included to satisfy reference by file (symbol)

c:/program files (x86)/atmel/studio/7.0/toolchain/avr8/avr8-gnu-toolchain/bin/../lib/gcc/avr/5.4.0/../../../../avr/lib/avr5\libm.a(divsf3.o)
                              TIM.o (__divsf3)
c:/program files (x86)/atmel/studio/7.0/toolchain/avr8/avr8-gnu-toolchain/bin/../lib/gcc/avr/5.4.0/../../../../avr/lib/avr5\libm.a(divsf3x.o)
                              c:/program files (x86)/atmel/studio/7.0/toolchain/avr8/avr8-gnu-toolchain/bin/../lib/gcc/avr/5.4.0/../../../../avr/lib/avr5\libm.a(divsf3.o) (__divsf3x)
c:/program files (x86)/atmel/studio/7.0/toolchain/avr8/avr8-gnu-toolchain/bin/../lib/gcc/avr/5.4.0/../../../../avr/lib/avr5\libm.a(fixunssfsi.o)
                              TIM.o (__fixunssfsi)
c:/program files (x86)/atmel/studio/7.0/toolchain/avr8/avr8-gnu-toolchain/bin/../lib/gcc/avr/5.4.0/../../../../avr/lib/avr5\libm.a(floatsisf.o)
                              TIM.o (__floatsisf)
c:/program files (x86)/atmel/studio/7.0/toolchain/avr8/avr8-gnu-toolchain/bin/../lib/gcc/avr/5.4.0/../../../../avr/lib/avr5\libm.a(fp_inf.o)
                              c:/program files (x86)/atmel/studio/7.0/toolchain/avr8/avr8-gnu-toolchain/bin/../lib/gcc/avr/5.4.0/../../../../avr/lib/avr5\libm.a(divsf3x.o) (__fp_inf)
c:/program files (x86)/atmel/studio/7.0/toolchain/avr8/avr8-gnu-toolchain/bin/../lib/gcc/avr/5.4.0/../../../../avr/lib/avr5\libm.a(fp_nan.o)
                              c:/program files (x86)/atmel/studio/7.0/toolchain/avr8/avr8-gnu-toolchain/bin/../lib/gcc/avr/5.4.0/../../../../avr/lib/avr5\libm.a(divsf3x.o) (__fp_nan)
c:/program files (x86)/atmel/studio/7.0/toolchain/avr8/avr8-gnu-toolchain/bin/../lib/gcc/avr/5.4.0/../../../../avr/lib/avr5\libm.a(fp_pscA.o)
                              c:/program files (x86)/atmel/studio/7.0/toolchain/avr8/avr8-gnu-toolchain/bin/../lib/gcc/avr/5.4.0/../../../../avr/lib/avr5\libm.a(divsf3x.o) (__fp_pscA)
c:/program files (x86)/atmel/studio/7.0/toolchain/avr8/avr8-gnu-toolchain/bin/../lib/gcc/avr/5.4.0/../../../../avr/lib/avr5\libm.a(fp_pscB.o)
                              c:/program files (x86)/atmel/studio/7.0/toolchain/avr8/avr8-gnu-toolchain/bin/../lib/gcc/avr/5.4.0/../../../../avr/lib/avr5\libm.a(divsf3x.o) (__fp_pscB)
c:/program files (x86)/atmel/studio/7.0/toolchain/avr8/avr8-gnu-toolchain/bin/../lib/gcc/avr/5.4.0/../../../../avr/lib/avr5\libm.a(fp_round.o)
                              c:/program files (x86)/atmel/studio/7.0/toolchain/avr8/avr8-gnu-toolchain/bin/../lib/gcc/avr/5.4.0/../../../../avr/lib/avr5\libm.a(divsf3.o) (__fp_round)
c:/program files (x86)/atmel/studio/7.0/toolchain/avr8/avr8-gnu-toolchain/bin/../lib/gcc/avr/5.4.0/../../../../avr/lib/avr5\libm.a(fp_split3.o)
                              c:/program files (x86)/atmel/studio/7.0/toolchain/avr8/avr8-gnu-toolchain/bin/../lib/gcc/avr/5.4.0/../../../../avr/lib/avr5\libm.a(divsf3x.o) (__fp_split3)
c:/program files (x86)/atmel/studio/7.0/toolchain/avr8/avr8-gnu-toolchain/bin/../lib/gcc/avr/5.4.0/../../../../avr/lib/avr5\libm.a(fp_zero.o)
                              c:/program files (x86)/atmel/studio/7.0/toolchain/avr8/avr8-gnu-toolchain/bin/../lib/gcc/avr/5.4.0/../../../../avr/lib/avr5\libm.a(fixunssfsi.o) (__fp_zero)
c:/program files (x86)/atmel/studio/7.0/toolchain/avr8/avr8-gnu-toolchain/bin/../lib/gcc/avr/5.4.0/../../../../avr/lib/avr5\libm.a(mulsf3.o)
                              TIM.o (__mulsf3)
c:/program files (x86)/atmel/studio/7.0/toolchain/avr8/avr8-gnu-toolchain/bin/../lib/gcc/avr/5.4.0/../../../../avr/lib/avr5\libm.a(mulsf3x.o)
                              c:/program files (x86)/atmel/studio/7.0/toolchain/avr8/avr8-gnu-toolchain/bin/../lib/gcc/avr/5.4.0/../../../../avr/lib/avr5\libm.a(mulsf3.o) (__mulsf3x)
c:/program files (x86)/atmel/studio/7.0/toolchain/avr8/avr8-gnu-toolchain/bin/../lib/gcc/avr/5.4.0/avr5\libgcc.a(_udivmodhi4.o)
                              CalculatorTasks.o (__udivmodhi4)
c:/program files (x86)/atmel/studio/7.0/toolchain/avr8/avr8-gnu-toolchain/bin/../lib/gcc/avr/5.4.0/avr5\libgcc.a(_exit.o)
                              C:/Program Files (x86)/Atmel/Studio/7.0/Packs/atmel/ATmega_DFP/1.3.300/gcc/dev/atmega32/avr5/crtatmega32.o (exit)
c:/program files (x86)/atmel/studio/7.0/toolchain/avr8/avr8-gnu-toolchain/bin/../lib/gcc/avr/5.4.0/avr5\libgcc.a(_copy_data.o)
                              FreeRTOS/Source/tasks.o (__do_copy_data)
c:/program files (x86)/atmel/studio/7.0/toolchain/avr8/avr8-gnu-toolchain/bin/../lib/gcc/avr/5.4.0/avr5\libgcc.a(_clear_bss.o)
                              FreeRTOS/Source/croutine.o (__do_clear_bss)
c:/program files (x86)/atmel/studio/7.0/toolchain/avr8/avr8-gnu-toolchain/bin/../lib/gcc/avr/5.4.0/avr5\libgcc.a(_umulhisi3.o)
                              lcd_4bit.o (__umulhisi3)
c:/program files (x86)/atmel/studio/7.0/toolchain/avr8/avr8-gnu-toolchain/bin/../lib/gcc/avr/5.4.0/../../../../avr/lib/avr5\libc.a(memcpy.o)
                              FreeRTOS/Source/queue.o (memcpy)

Allocating common symbols
Common symbol       size              file

SW_Handle           0x2               main.o
queue_handle        0x2               main.o
LCD_Handle          0x2               main.o
CALC_Handle         0x2               main.o
WelcomePattern_Handle
                    0x2               main.o
event_handle        0x2               main.o
PromptUser_Handle   0x2               main.o
KEYPAD_Handle       0x2               main.o
LED_Handle          0x2               main.o

Discarded input sections

 .data          0x00000000        0x0 C:/Program Files (x86)/Atmel/Studio/7.0/Packs/atmel/ATmega_DFP/1.3.300/gcc/dev/atmega32/avr5/crtatmega32.o
 .bss           0x00000000        0x0 C:/Program Files (x86)/Atmel/Studio/7.0/Packs/atmel/ATmega_DFP/1.3.300/gcc/dev/atmega32/avr5/crtatmega32.o
 .text          0x00000000        0x0 FreeRTOS/Source/croutine.o
 .data          0x00000000        0x0 FreeRTOS/Source/croutine.o
 .bss           0x00000000        0x0 FreeRTOS/Source/croutine.o
 .text.xCoRoutineCreate
                0x00000000       0xf0 FreeRTOS/Source/croutine.o
 .text.vCoRoutineAddToDelayedList
                0x00000000       0x86 FreeRTOS/Source/croutine.o
 .text.vCoRoutineSchedule
                0x00000000      0x282 FreeRTOS/Source/croutine.o
 .text.xCoRoutineRemoveFromEventList
                0x00000000       0x4a FreeRTOS/Source/croutine.o
 .bss.xPassedTicks
                0x00000000        0x2 FreeRTOS/Source/croutine.o
 .bss.xLastTickCount
                0x00000000        0x2 FreeRTOS/Source/croutine.o
 .bss.xCoRoutineTickCount
                0x00000000        0x2 FreeRTOS/Source/croutine.o
 .bss.uxTopCoRoutineReadyPriority
                0x00000000        0x1 FreeRTOS/Source/croutine.o
 .bss.pxCurrentCoRoutine
                0x00000000        0x2 FreeRTOS/Source/croutine.o
 .bss.xPendingReadyCoRoutineList
                0x00000000        0x9 FreeRTOS/Source/croutine.o
 .bss.pxOverflowDelayedCoRoutineList
                0x00000000        0x2 FreeRTOS/Source/croutine.o
 .bss.pxDelayedCoRoutineList
                0x00000000        0x2 FreeRTOS/Source/croutine.o
 .bss.xDelayedCoRoutineList2
                0x00000000        0x9 FreeRTOS/Source/croutine.o
 .bss.xDelayedCoRoutineList1
                0x00000000        0x9 FreeRTOS/Source/croutine.o
 .bss.pxReadyCoRoutineLists
                0x00000000       0x12 FreeRTOS/Source/croutine.o
 .debug_info    0x00000000      0x785 FreeRTOS/Source/croutine.o
 .debug_abbrev  0x00000000      0x232 FreeRTOS/Source/croutine.o
 .debug_loc     0x00000000      0x3eb FreeRTOS/Source/croutine.o
 .debug_aranges
                0x00000000       0x38 FreeRTOS/Source/croutine.o
 .debug_ranges  0x00000000       0x28 FreeRTOS/Source/croutine.o
 .debug_line    0x00000000      0x364 FreeRTOS/Source/croutine.o
 .debug_str     0x00000000      0x54e FreeRTOS/Source/croutine.o
 .comment       0x00000000       0x31 FreeRTOS/Source/croutine.o
 .debug_frame   0x00000000       0xc0 FreeRTOS/Source/croutine.o
 .text          0x00000000        0x0 FreeRTOS/Source/event_groups.o
 .data          0x00000000        0x0 FreeRTOS/Source/event_groups.o
 .bss           0x00000000        0x0 FreeRTOS/Source/event_groups.o
 .text.xEventGroupGetBitsFromISR
                0x00000000        0x8 FreeRTOS/Source/event_groups.o
 .text.xEventGroupSync
                0x00000000       0xd2 FreeRTOS/Source/event_groups.o
 .text.vEventGroupDelete
                0x00000000       0x32 FreeRTOS/Source/event_groups.o
 .text.vEventGroupSetBitsCallback
                0x00000000        0x8 FreeRTOS/Source/event_groups.o
 .text.vEventGroupClearBitsCallback
                0x00000000        0x8 FreeRTOS/Source/event_groups.o
 .text          0x00000000        0x0 FreeRTOS/Source/list.o
 .data          0x00000000        0x0 FreeRTOS/Source/list.o
 .bss           0x00000000        0x0 FreeRTOS/Source/list.o
 .text          0x00000000        0x0 FreeRTOS/Source/portable/Common/mpu_wrappers.o
 .data          0x00000000        0x0 FreeRTOS/Source/portable/Common/mpu_wrappers.o
 .bss           0x00000000        0x0 FreeRTOS/Source/portable/Common/mpu_wrappers.o
 .text.xPortRaisePrivilege
                0x00000000       0x16 FreeRTOS/Source/portable/Common/mpu_wrappers.o
 .text.vPortResetPrivilege
                0x00000000        0xa FreeRTOS/Source/portable/Common/mpu_wrappers.o
 .text.MPU_xTaskCreateRestricted
                0x00000000       0x36 FreeRTOS/Source/portable/Common/mpu_wrappers.o
 .text.MPU_xTaskCreate
                0x00000000       0x5a FreeRTOS/Source/portable/Common/mpu_wrappers.o
 .text.MPU_vTaskAllocateMPURegions
                0x00000000       0x2e FreeRTOS/Source/portable/Common/mpu_wrappers.o
 .text.MPU_vTaskDelete
                0x00000000       0x22 FreeRTOS/Source/portable/Common/mpu_wrappers.o
 .text.MPU_vTaskDelayUntil
                0x00000000       0x2e FreeRTOS/Source/portable/Common/mpu_wrappers.o
 .text.MPU_vTaskDelay
                0x00000000       0x22 FreeRTOS/Source/portable/Common/mpu_wrappers.o
 .text.MPU_vTaskSuspend
                0x00000000       0x22 FreeRTOS/Source/portable/Common/mpu_wrappers.o
 .text.MPU_vTaskResume
                0x00000000       0x22 FreeRTOS/Source/portable/Common/mpu_wrappers.o
 .text.MPU_vTaskSuspendAll
                0x00000000       0x16 FreeRTOS/Source/portable/Common/mpu_wrappers.o
 .text.MPU_xTaskResumeAll
                0x00000000       0x1e FreeRTOS/Source/portable/Common/mpu_wrappers.o
 .text.MPU_xTaskGetTickCount
                0x00000000       0x22 FreeRTOS/Source/portable/Common/mpu_wrappers.o
 .text.MPU_uxTaskGetNumberOfTasks
                0x00000000       0x1e FreeRTOS/Source/portable/Common/mpu_wrappers.o
 .text.MPU_pcTaskGetName
                0x00000000       0x26 FreeRTOS/Source/portable/Common/mpu_wrappers.o
 .text.MPU_xTaskCatchUpTicks
                0x00000000       0x2a FreeRTOS/Source/portable/Common/mpu_wrappers.o
 .text.MPU_vTaskSetTimeOutState
                0x00000000       0x22 FreeRTOS/Source/portable/Common/mpu_wrappers.o
 .text.MPU_xTaskCheckForTimeOut
                0x00000000       0x36 FreeRTOS/Source/portable/Common/mpu_wrappers.o
 .text.MPU_xTaskGenericNotify
                0x00000000       0x4e FreeRTOS/Source/portable/Common/mpu_wrappers.o
 .text.MPU_xTaskNotifyWait
                0x00000000       0x5e FreeRTOS/Source/portable/Common/mpu_wrappers.o
 .text.MPU_ulTaskNotifyTake
                0x00000000       0x36 FreeRTOS/Source/portable/Common/mpu_wrappers.o
 .text.MPU_xTaskNotifyStateClear
                0x00000000       0x2a FreeRTOS/Source/portable/Common/mpu_wrappers.o
 .text.MPU_ulTaskNotifyValueClear
                0x00000000       0x4a FreeRTOS/Source/portable/Common/mpu_wrappers.o
 .text.MPU_xQueueGenericCreate
                0x00000000       0x32 FreeRTOS/Source/portable/Common/mpu_wrappers.o
 .text.MPU_xQueueGenericReset
                0x00000000       0x2e FreeRTOS/Source/portable/Common/mpu_wrappers.o
 .text.MPU_xQueueGenericSend
                0x00000000       0x46 FreeRTOS/Source/portable/Common/mpu_wrappers.o
 .text.MPU_uxQueueMessagesWaiting
                0x00000000       0x2a FreeRTOS/Source/portable/Common/mpu_wrappers.o
 .text.MPU_uxQueueSpacesAvailable
                0x00000000       0x2a FreeRTOS/Source/portable/Common/mpu_wrappers.o
 .text.MPU_xQueueReceive
                0x00000000       0x42 FreeRTOS/Source/portable/Common/mpu_wrappers.o
 .text.MPU_xQueuePeek
                0x00000000       0x42 FreeRTOS/Source/portable/Common/mpu_wrappers.o
 .text.MPU_xQueueSemaphoreTake
                0x00000000       0x36 FreeRTOS/Source/portable/Common/mpu_wrappers.o
 .text.MPU_vQueueDelete
                0x00000000       0x22 FreeRTOS/Source/portable/Common/mpu_wrappers.o
 .text.MPU_pvPortMalloc
                0x00000000       0x26 FreeRTOS/Source/portable/Common/mpu_wrappers.o
 .text.MPU_vPortFree
                0x00000000       0x22 FreeRTOS/Source/portable/Common/mpu_wrappers.o
 .text.MPU_vPortInitialiseBlocks
                0x00000000       0x16 FreeRTOS/Source/portable/Common/mpu_wrappers.o
 .text.MPU_xPortGetFreeHeapSize
                0x00000000       0x22 FreeRTOS/Source/portable/Common/mpu_wrappers.o
 .text.MPU_xEventGroupCreate
                0x00000000       0x22 FreeRTOS/Source/portable/Common/mpu_wrappers.o
 .text.MPU_xEventGroupWaitBits
                0x00000000       0x4a FreeRTOS/Source/portable/Common/mpu_wrappers.o
 .text.MPU_xEventGroupClearBits
                0x00000000       0x32 FreeRTOS/Source/portable/Common/mpu_wrappers.o
 .text.MPU_xEventGroupSetBits
                0x00000000       0x32 FreeRTOS/Source/portable/Common/mpu_wrappers.o
 .text.MPU_xEventGroupSync
                0x00000000       0x4a FreeRTOS/Source/portable/Common/mpu_wrappers.o
 .text.MPU_vEventGroupDelete
                0x00000000       0x22 FreeRTOS/Source/portable/Common/mpu_wrappers.o
 .text.MPU_xStreamBufferSend
                0x00000000       0x4a FreeRTOS/Source/portable/Common/mpu_wrappers.o
 .text.MPU_xStreamBufferNextMessageLengthBytes
                0x00000000       0x26 FreeRTOS/Source/portable/Common/mpu_wrappers.o
 .text.MPU_xStreamBufferReceive
                0x00000000       0x4a FreeRTOS/Source/portable/Common/mpu_wrappers.o
 .text.MPU_vStreamBufferDelete
                0x00000000       0x22 FreeRTOS/Source/portable/Common/mpu_wrappers.o
 .text.MPU_xStreamBufferIsFull
                0x00000000       0x2a FreeRTOS/Source/portable/Common/mpu_wrappers.o
 .text.MPU_xStreamBufferIsEmpty
                0x00000000       0x2a FreeRTOS/Source/portable/Common/mpu_wrappers.o
 .text.MPU_xStreamBufferReset
                0x00000000       0x2a FreeRTOS/Source/portable/Common/mpu_wrappers.o
 .text.MPU_xStreamBufferSpacesAvailable
                0x00000000       0x26 FreeRTOS/Source/portable/Common/mpu_wrappers.o
 .text.MPU_xStreamBufferBytesAvailable
                0x00000000       0x26 FreeRTOS/Source/portable/Common/mpu_wrappers.o
 .text.MPU_xStreamBufferSetTriggerLevel
                0x00000000       0x36 FreeRTOS/Source/portable/Common/mpu_wrappers.o
 .text.MPU_xStreamBufferGenericCreate
                0x00000000       0x3a FreeRTOS/Source/portable/Common/mpu_wrappers.o
 .debug_info    0x00000000     0x2364 FreeRTOS/Source/portable/Common/mpu_wrappers.o
 .debug_abbrev  0x00000000      0x206 FreeRTOS/Source/portable/Common/mpu_wrappers.o
 .debug_loc     0x00000000     0x304a FreeRTOS/Source/portable/Common/mpu_wrappers.o
 .debug_aranges
                0x00000000      0x1c0 FreeRTOS/Source/portable/Common/mpu_wrappers.o
 .debug_ranges  0x00000000      0x1b0 FreeRTOS/Source/portable/Common/mpu_wrappers.o
 .debug_line    0x00000000      0xa3b FreeRTOS/Source/portable/Common/mpu_wrappers.o
 .debug_str     0x00000000      0xf7b FreeRTOS/Source/portable/Common/mpu_wrappers.o
 .comment       0x00000000       0x31 FreeRTOS/Source/portable/Common/mpu_wrappers.o
 .debug_frame   0x00000000      0x8ac FreeRTOS/Source/portable/Common/mpu_wrappers.o
 .text          0x00000000        0x0 FreeRTOS/Source/portable/GCC/ATMega323/port.o
 .data          0x00000000        0x0 FreeRTOS/Source/portable/GCC/ATMega323/port.o
 .bss           0x00000000        0x0 FreeRTOS/Source/portable/GCC/ATMega323/port.o
 .text.vPortEndScheduler
                0x00000000        0x2 FreeRTOS/Source/portable/GCC/ATMega323/port.o
 .text          0x00000000        0x0 FreeRTOS/Source/portable/MemMang/heap_1.o
 .data          0x00000000        0x0 FreeRTOS/Source/portable/MemMang/heap_1.o
 .bss           0x00000000        0x0 FreeRTOS/Source/portable/MemMang/heap_1.o
 .text.vPortInitialiseBlocks
                0x00000000        0xa FreeRTOS/Source/portable/MemMang/heap_1.o
 .text.xPortGetFreeHeapSize
                0x00000000       0x12 FreeRTOS/Source/portable/MemMang/heap_1.o
 .text          0x00000000        0x0 FreeRTOS/Source/queue.o
 .data          0x00000000        0x0 FreeRTOS/Source/queue.o
 .bss           0x00000000        0x0 FreeRTOS/Source/queue.o
 .text.xQueueGenericSendFromISR
                0x00000000       0x78 FreeRTOS/Source/queue.o
 .text.xQueueGiveFromISR
                0x00000000       0x52 FreeRTOS/Source/queue.o
 .text.xQueueSemaphoreTake
                0x00000000      0x11a FreeRTOS/Source/queue.o
 .text.xQueuePeek
                0x00000000      0x132 FreeRTOS/Source/queue.o
 .text.xQueueReceiveFromISR
                0x00000000       0x6e FreeRTOS/Source/queue.o
 .text.xQueuePeekFromISR
                0x00000000       0x2e FreeRTOS/Source/queue.o
 .text.uxQueueMessagesWaiting
                0x00000000       0x10 FreeRTOS/Source/queue.o
 .text.uxQueueSpacesAvailable
                0x00000000       0x14 FreeRTOS/Source/queue.o
 .text.uxQueueMessagesWaitingFromISR
                0x00000000        0x6 FreeRTOS/Source/queue.o
 .text.vQueueDelete
                0x00000000        0x6 FreeRTOS/Source/queue.o
 .text.xQueueIsQueueEmptyFromISR
                0x00000000        0xc FreeRTOS/Source/queue.o
 .text.xQueueIsQueueFullFromISR
                0x00000000        0xe FreeRTOS/Source/queue.o
 .text.xQueueCRSend
                0x00000000       0x72 FreeRTOS/Source/queue.o
 .text.xQueueCRReceive
                0x00000000       0x92 FreeRTOS/Source/queue.o
 .text.xQueueCRSendFromISR
                0x00000000       0x48 FreeRTOS/Source/queue.o
 .text.xQueueCRReceiveFromISR
                0x00000000       0x82 FreeRTOS/Source/queue.o
 .text          0x00000000        0x0 FreeRTOS/Source/stream_buffer.o
 .data          0x00000000        0x0 FreeRTOS/Source/stream_buffer.o
 .bss           0x00000000        0x0 FreeRTOS/Source/stream_buffer.o
 .text.prvBytesInBuffer
                0x00000000       0x26 FreeRTOS/Source/stream_buffer.o
 .text.prvWriteBytesToBuffer
                0x00000000       0x92 FreeRTOS/Source/stream_buffer.o
 .text.prvWriteMessageToBuffer
                0x00000000       0x82 FreeRTOS/Source/stream_buffer.o
 .text.prvReadBytesFromBuffer
                0x00000000       0x9e FreeRTOS/Source/stream_buffer.o
 .text.xStreamBufferGenericCreate
                0x00000000       0x5a FreeRTOS/Source/stream_buffer.o
 .text.vStreamBufferDelete
                0x00000000       0x1a FreeRTOS/Source/stream_buffer.o
 .text.xStreamBufferReset
                0x00000000       0x74 FreeRTOS/Source/stream_buffer.o
 .text.xStreamBufferSetTriggerLevel
                0x00000000       0x22 FreeRTOS/Source/stream_buffer.o
 .text.xStreamBufferSpacesAvailable
                0x00000000       0x24 FreeRTOS/Source/stream_buffer.o
 .text.xStreamBufferBytesAvailable
                0x00000000        0x6 FreeRTOS/Source/stream_buffer.o
 .text.xStreamBufferSend
                0x00000000      0x146 FreeRTOS/Source/stream_buffer.o
 .text.xStreamBufferSendFromISR
                0x00000000       0x8c FreeRTOS/Source/stream_buffer.o
 .text.xStreamBufferReceive
                0x00000000      0x148 FreeRTOS/Source/stream_buffer.o
 .text.xStreamBufferNextMessageLengthBytes
                0x00000000       0x66 FreeRTOS/Source/stream_buffer.o
 .text.xStreamBufferReceiveFromISR
                0x00000000       0xe6 FreeRTOS/Source/stream_buffer.o
 .text.xStreamBufferIsEmpty
                0x00000000       0x16 FreeRTOS/Source/stream_buffer.o
 .text.xStreamBufferIsFull
                0x00000000       0x2c FreeRTOS/Source/stream_buffer.o
 .text.xStreamBufferSendCompletedFromISR
                0x00000000       0x46 FreeRTOS/Source/stream_buffer.o
 .text.xStreamBufferReceiveCompletedFromISR
                0x00000000       0x46 FreeRTOS/Source/stream_buffer.o
 .debug_info    0x00000000     0x137e FreeRTOS/Source/stream_buffer.o
 .debug_abbrev  0x00000000      0x29b FreeRTOS/Source/stream_buffer.o
 .debug_loc     0x00000000     0x1cde FreeRTOS/Source/stream_buffer.o
 .debug_aranges
                0x00000000       0xb0 FreeRTOS/Source/stream_buffer.o
 .debug_ranges  0x00000000       0xa0 FreeRTOS/Source/stream_buffer.o
 .debug_line    0x00000000      0x795 FreeRTOS/Source/stream_buffer.o
 .debug_str     0x00000000      0x7b0 FreeRTOS/Source/stream_buffer.o
 .comment       0x00000000       0x31 FreeRTOS/Source/stream_buffer.o
 .debug_frame   0x00000000      0x38c FreeRTOS/Source/stream_buffer.o
 .text          0x00000000        0x0 FreeRTOS/Source/tasks.o
 .data          0x00000000        0x0 FreeRTOS/Source/tasks.o
 .bss           0x00000000        0x0 FreeRTOS/Source/tasks.o
 .text.vTaskResume
                0x00000000       0x9e FreeRTOS/Source/tasks.o
 .text.xTaskResumeFromISR
                0x00000000       0xae FreeRTOS/Source/tasks.o
 .text.vTaskEndScheduler
                0x00000000        0xc FreeRTOS/Source/tasks.o
 .text.xTaskGetTickCountFromISR
                0x00000000        0xa FreeRTOS/Source/tasks.o
 .text.uxTaskGetNumberOfTasks
                0x00000000        0x6 FreeRTOS/Source/tasks.o
 .text.pcTaskGetName
                0x00000000       0x10 FreeRTOS/Source/tasks.o
 .text.vTaskDelay
                0x00000000       0x28 FreeRTOS/Source/tasks.o
 .text.xTaskCatchUpTicks
                0x00000000       0x28 FreeRTOS/Source/tasks.o
 .text.vTaskSuspend
                0x00000000       0xa4 FreeRTOS/Source/tasks.o
 .text.vTaskSetTimeOutState
                0x00000000       0x20 FreeRTOS/Source/tasks.o
 .text.ulTaskNotifyTake
                0x00000000       0xae FreeRTOS/Source/tasks.o
 .text.xTaskNotifyWait
                0x00000000      0x108 FreeRTOS/Source/tasks.o
 .text.xTaskGenericNotify
                0x00000000       0xfc FreeRTOS/Source/tasks.o
 .text.xTaskGenericNotifyFromISR
                0x00000000      0x120 FreeRTOS/Source/tasks.o
 .text.vTaskNotifyGiveFromISR
                0x00000000       0xb4 FreeRTOS/Source/tasks.o
 .text.xTaskNotifyStateClear
                0x00000000       0x28 FreeRTOS/Source/tasks.o
 .text.ulTaskNotifyValueClear
                0x00000000       0x66 FreeRTOS/Source/tasks.o
 .text          0x00000000        0x0 FreeRTOS/Source/timers.o
 .data          0x00000000        0x0 FreeRTOS/Source/timers.o
 .bss           0x00000000        0x0 FreeRTOS/Source/timers.o
 .debug_info    0x00000000       0x64 FreeRTOS/Source/timers.o
 .debug_abbrev  0x00000000       0x26 FreeRTOS/Source/timers.o
 .debug_aranges
                0x00000000       0x18 FreeRTOS/Source/timers.o
 .debug_line    0x00000000       0x1a FreeRTOS/Source/timers.o
 .debug_str     0x00000000      0x182 FreeRTOS/Source/timers.o
 .comment       0x00000000       0x31 FreeRTOS/Source/timers.o
 .text          0x00000000        0x0 lcd_4bit.o
 .data          0x00000000        0x0 lcd_4bit.o
 .bss           0x00000000        0x0 lcd_4bit.o
 .text          0x00000000        0x0 main.o
 .data          0x00000000        0x0 main.o
 .bss           0x00000000        0x0 main.o
 .text          0x00000000        0x0 CalculatorTasks.o
 .data          0x00000000        0x0 CalculatorTasks.o
 .bss           0x00000000        0x0 CalculatorTasks.o
 .text          0x00000000        0x0 TIM.o
 .data          0x00000000        0x0 TIM.o
 .bss           0x00000000        0x0 TIM.o
 .text          0x00000000        0x0 c:/program files (x86)/atmel/studio/7.0/toolchain/avr8/avr8-gnu-toolchain/bin/../lib/gcc/avr/5.4.0/../../../../avr/lib/avr5\libm.a(divsf3.o)
 .data          0x00000000        0x0 c:/program files (x86)/atmel/studio/7.0/toolchain/avr8/avr8-gnu-toolchain/bin/../lib/gcc/avr/5.4.0/../../../../avr/lib/avr5\libm.a(divsf3.o)
 .bss           0x00000000        0x0 c:/program files (x86)/atmel/studio/7.0/toolchain/avr8/avr8-gnu-toolchain/bin/../lib/gcc/avr/5.4.0/../../../../avr/lib/avr5\libm.a(divsf3.o)
 .text          0x00000000        0x0 c:/program files (x86)/atmel/studio/7.0/toolchain/avr8/avr8-gnu-toolchain/bin/../lib/gcc/avr/5.4.0/../../../../avr/lib/avr5\libm.a(divsf3x.o)
 .data          0x00000000        0x0 c:/program files (x86)/atmel/studio/7.0/toolchain/avr8/avr8-gnu-toolchain/bin/../lib/gcc/avr/5.4.0/../../../../avr/lib/avr5\libm.a(divsf3x.o)
 .bss           0x00000000        0x0 c:/program files (x86)/atmel/studio/7.0/toolchain/avr8/avr8-gnu-toolchain/bin/../lib/gcc/avr/5.4.0/../../../../avr/lib/avr5\libm.a(divsf3x.o)
 .text          0x00000000        0x0 c:/program files (x86)/atmel/studio/7.0/toolchain/avr8/avr8-gnu-toolchain/bin/../lib/gcc/avr/5.4.0/../../../../avr/lib/avr5\libm.a(fixunssfsi.o)
 .data          0x00000000        0x0 c:/program files (x86)/atmel/studio/7.0/toolchain/avr8/avr8-gnu-toolchain/bin/../lib/gcc/avr/5.4.0/../../../../avr/lib/avr5\libm.a(fixunssfsi.o)
 .bss           0x00000000        0x0 c:/program files (x86)/atmel/studio/7.0/toolchain/avr8/avr8-gnu-toolchain/bin/../lib/gcc/avr/5.4.0/../../../../avr/lib/avr5\libm.a(fixunssfsi.o)
 .text          0x00000000        0x0 c:/program files (x86)/atmel/studio/7.0/toolchain/avr8/avr8-gnu-toolchain/bin/../lib/gcc/avr/5.4.0/../../../../avr/lib/avr5\libm.a(floatsisf.o)
 .data          0x00000000        0x0 c:/program files (x86)/atmel/studio/7.0/toolchain/avr8/avr8-gnu-toolchain/bin/../lib/gcc/avr/5.4.0/../../../../avr/lib/avr5\libm.a(floatsisf.o)
 .bss           0x00000000        0x0 c:/program files (x86)/atmel/studio/7.0/toolchain/avr8/avr8-gnu-toolchain/bin/../lib/gcc/avr/5.4.0/../../../../avr/lib/avr5\libm.a(floatsisf.o)
 .text          0x00000000        0x0 c:/program files (x86)/atmel/studio/7.0/toolchain/avr8/avr8-gnu-toolchain/bin/../lib/gcc/avr/5.4.0/../../../../avr/lib/avr5\libm.a(fp_inf.o)
 .data          0x00000000        0x0 c:/program files (x86)/atmel/studio/7.0/toolchain/avr8/avr8-gnu-toolchain/bin/../lib/gcc/avr/5.4.0/../../../../avr/lib/avr5\libm.a(fp_inf.o)
 .bss           0x00000000        0x0 c:/program files (x86)/atmel/studio/7.0/toolchain/avr8/avr8-gnu-toolchain/bin/../lib/gcc/avr/5.4.0/../../../../avr/lib/avr5\libm.a(fp_inf.o)
 .text          0x00000000        0x0 c:/program files (x86)/atmel/studio/7.0/toolchain/avr8/avr8-gnu-toolchain/bin/../lib/gcc/avr/5.4.0/../../../../avr/lib/avr5\libm.a(fp_nan.o)
 .data          0x00000000        0x0 c:/program files (x86)/atmel/studio/7.0/toolchain/avr8/avr8-gnu-toolchain/bin/../lib/gcc/avr/5.4.0/../../../../avr/lib/avr5\libm.a(fp_nan.o)
 .bss           0x00000000        0x0 c:/program files (x86)/atmel/studio/7.0/toolchain/avr8/avr8-gnu-toolchain/bin/../lib/gcc/avr/5.4.0/../../../../avr/lib/avr5\libm.a(fp_nan.o)
 .text          0x00000000        0x0 c:/program files (x86)/atmel/studio/7.0/toolchain/avr8/avr8-gnu-toolchain/bin/../lib/gcc/avr/5.4.0/../../../../avr/lib/avr5\libm.a(fp_pscA.o)
 .data          0x00000000        0x0 c:/program files (x86)/atmel/studio/7.0/toolchain/avr8/avr8-gnu-toolchain/bin/../lib/gcc/avr/5.4.0/../../../../avr/lib/avr5\libm.a(fp_pscA.o)
 .bss           0x00000000        0x0 c:/program files (x86)/atmel/studio/7.0/toolchain/avr8/avr8-gnu-toolchain/bin/../lib/gcc/avr/5.4.0/../../../../avr/lib/avr5\libm.a(fp_pscA.o)
 .text          0x00000000        0x0 c:/program files (x86)/atmel/studio/7.0/toolchain/avr8/avr8-gnu-toolchain/bin/../lib/gcc/avr/5.4.0/../../../../avr/lib/avr5\libm.a(fp_pscB.o)
 .data          0x00000000        0x0 c:/program files (x86)/atmel/studio/7.0/toolchain/avr8/avr8-gnu-toolchain/bin/../lib/gcc/avr/5.4.0/../../../../avr/lib/avr5\libm.a(fp_pscB.o)
 .bss           0x00000000        0x0 c:/program files (x86)/atmel/studio/7.0/toolchain/avr8/avr8-gnu-toolchain/bin/../lib/gcc/avr/5.4.0/../../../../avr/lib/avr5\libm.a(fp_pscB.o)
 .text          0x00000000        0x0 c:/program files (x86)/atmel/studio/7.0/toolchain/avr8/avr8-gnu-toolchain/bin/../lib/gcc/avr/5.4.0/../../../../avr/lib/avr5\libm.a(fp_round.o)
 .data          0x00000000        0x0 c:/program files (x86)/atmel/studio/7.0/toolchain/avr8/avr8-gnu-toolchain/bin/../lib/gcc/avr/5.4.0/../../../../avr/lib/avr5\libm.a(fp_round.o)
 .bss           0x00000000        0x0 c:/program files (x86)/atmel/studio/7.0/toolchain/avr8/avr8-gnu-toolchain/bin/../lib/gcc/avr/5.4.0/../../../../avr/lib/avr5\libm.a(fp_round.o)
 .text          0x00000000        0x0 c:/program files (x86)/atmel/studio/7.0/toolchain/avr8/avr8-gnu-toolchain/bin/../lib/gcc/avr/5.4.0/../../../../avr/lib/avr5\libm.a(fp_split3.o)
 .data          0x00000000        0x0 c:/program files (x86)/atmel/studio/7.0/toolchain/avr8/avr8-gnu-toolchain/bin/../lib/gcc/avr/5.4.0/../../../../avr/lib/avr5\libm.a(fp_split3.o)
 .bss           0x00000000        0x0 c:/program files (x86)/atmel/studio/7.0/toolchain/avr8/avr8-gnu-toolchain/bin/../lib/gcc/avr/5.4.0/../../../../avr/lib/avr5\libm.a(fp_split3.o)
 .text          0x00000000        0x0 c:/program files (x86)/atmel/studio/7.0/toolchain/avr8/avr8-gnu-toolchain/bin/../lib/gcc/avr/5.4.0/../../../../avr/lib/avr5\libm.a(fp_zero.o)
 .data          0x00000000        0x0 c:/program files (x86)/atmel/studio/7.0/toolchain/avr8/avr8-gnu-toolchain/bin/../lib/gcc/avr/5.4.0/../../../../avr/lib/avr5\libm.a(fp_zero.o)
 .bss           0x00000000        0x0 c:/program files (x86)/atmel/studio/7.0/toolchain/avr8/avr8-gnu-toolchain/bin/../lib/gcc/avr/5.4.0/../../../../avr/lib/avr5\libm.a(fp_zero.o)
 .text          0x00000000        0x0 c:/program files (x86)/atmel/studio/7.0/toolchain/avr8/avr8-gnu-toolchain/bin/../lib/gcc/avr/5.4.0/../../../../avr/lib/avr5\libm.a(mulsf3.o)
 .data          0x00000000        0x0 c:/program files (x86)/atmel/studio/7.0/toolchain/avr8/avr8-gnu-toolchain/bin/../lib/gcc/avr/5.4.0/../../../../avr/lib/avr5\libm.a(mulsf3.o)
 .bss           0x00000000        0x0 c:/program files (x86)/atmel/studio/7.0/toolchain/avr8/avr8-gnu-toolchain/bin/../lib/gcc/avr/5.4.0/../../../../avr/lib/avr5\libm.a(mulsf3.o)
 .text          0x00000000        0x0 c:/program files (x86)/atmel/studio/7.0/toolchain/avr8/avr8-gnu-toolchain/bin/../lib/gcc/avr/5.4.0/../../../../avr/lib/avr5\libm.a(mulsf3x.o)
 .data          0x00000000        0x0 c:/program files (x86)/atmel/studio/7.0/toolchain/avr8/avr8-gnu-toolchain/bin/../lib/gcc/avr/5.4.0/../../../../avr/lib/avr5\libm.a(mulsf3x.o)
 .bss           0x00000000        0x0 c:/program files (x86)/atmel/studio/7.0/toolchain/avr8/avr8-gnu-toolchain/bin/../lib/gcc/avr/5.4.0/../../../../avr/lib/avr5\libm.a(mulsf3x.o)
 .text          0x00000000        0x0 c:/program files (x86)/atmel/studio/7.0/toolchain/avr8/avr8-gnu-toolchain/bin/../lib/gcc/avr/5.4.0/avr5\libgcc.a(_udivmodhi4.o)
 .data          0x00000000        0x0 c:/program files (x86)/atmel/studio/7.0/toolchain/avr8/avr8-gnu-toolchain/bin/../lib/gcc/avr/5.4.0/avr5\libgcc.a(_udivmodhi4.o)
 .bss           0x00000000        0x0 c:/program files (x86)/atmel/studio/7.0/toolchain/avr8/avr8-gnu-toolchain/bin/../lib/gcc/avr/5.4.0/avr5\libgcc.a(_udivmodhi4.o)
 .text.libgcc.mul
                0x00000000        0x0 c:/program files (x86)/atmel/studio/7.0/toolchain/avr8/avr8-gnu-toolchain/bin/../lib/gcc/avr/5.4.0/avr5\libgcc.a(_udivmodhi4.o)
 .text.libgcc   0x00000000        0x0 c:/program files (x86)/atmel/studio/7.0/toolchain/avr8/avr8-gnu-toolchain/bin/../lib/gcc/avr/5.4.0/avr5\libgcc.a(_udivmodhi4.o)
 .text.libgcc.prologue
                0x00000000        0x0 c:/program files (x86)/atmel/studio/7.0/toolchain/avr8/avr8-gnu-toolchain/bin/../lib/gcc/avr/5.4.0/avr5\libgcc.a(_udivmodhi4.o)
 .text.libgcc.builtins
                0x00000000        0x0 c:/program files (x86)/atmel/studio/7.0/toolchain/avr8/avr8-gnu-toolchain/bin/../lib/gcc/avr/5.4.0/avr5\libgcc.a(_udivmodhi4.o)
 .text.libgcc.fmul
                0x00000000        0x0 c:/program files (x86)/atmel/studio/7.0/toolchain/avr8/avr8-gnu-toolchain/bin/../lib/gcc/avr/5.4.0/avr5\libgcc.a(_udivmodhi4.o)
 .text.libgcc.fixed
                0x00000000        0x0 c:/program files (x86)/atmel/studio/7.0/toolchain/avr8/avr8-gnu-toolchain/bin/../lib/gcc/avr/5.4.0/avr5\libgcc.a(_udivmodhi4.o)
 .text          0x00000000        0x0 c:/program files (x86)/atmel/studio/7.0/toolchain/avr8/avr8-gnu-toolchain/bin/../lib/gcc/avr/5.4.0/avr5\libgcc.a(_exit.o)
 .data          0x00000000        0x0 c:/program files (x86)/atmel/studio/7.0/toolchain/avr8/avr8-gnu-toolchain/bin/../lib/gcc/avr/5.4.0/avr5\libgcc.a(_exit.o)
 .bss           0x00000000        0x0 c:/program files (x86)/atmel/studio/7.0/toolchain/avr8/avr8-gnu-toolchain/bin/../lib/gcc/avr/5.4.0/avr5\libgcc.a(_exit.o)
 .text.libgcc.mul
                0x00000000        0x0 c:/program files (x86)/atmel/studio/7.0/toolchain/avr8/avr8-gnu-toolchain/bin/../lib/gcc/avr/5.4.0/avr5\libgcc.a(_exit.o)
 .text.libgcc.div
                0x00000000        0x0 c:/program files (x86)/atmel/studio/7.0/toolchain/avr8/avr8-gnu-toolchain/bin/../lib/gcc/avr/5.4.0/avr5\libgcc.a(_exit.o)
 .text.libgcc   0x00000000        0x0 c:/program files (x86)/atmel/studio/7.0/toolchain/avr8/avr8-gnu-toolchain/bin/../lib/gcc/avr/5.4.0/avr5\libgcc.a(_exit.o)
 .text.libgcc.prologue
                0x00000000        0x0 c:/program files (x86)/atmel/studio/7.0/toolchain/avr8/avr8-gnu-toolchain/bin/../lib/gcc/avr/5.4.0/avr5\libgcc.a(_exit.o)
 .text.libgcc.builtins
                0x00000000        0x0 c:/program files (x86)/atmel/studio/7.0/toolchain/avr8/avr8-gnu-toolchain/bin/../lib/gcc/avr/5.4.0/avr5\libgcc.a(_exit.o)
 .text.libgcc.fmul
                0x00000000        0x0 c:/program files (x86)/atmel/studio/7.0/toolchain/avr8/avr8-gnu-toolchain/bin/../lib/gcc/avr/5.4.0/avr5\libgcc.a(_exit.o)
 .text.libgcc.fixed
                0x00000000        0x0 c:/program files (x86)/atmel/studio/7.0/toolchain/avr8/avr8-gnu-toolchain/bin/../lib/gcc/avr/5.4.0/avr5\libgcc.a(_exit.o)
 .text          0x00000000        0x0 c:/program files (x86)/atmel/studio/7.0/toolchain/avr8/avr8-gnu-toolchain/bin/../lib/gcc/avr/5.4.0/avr5\libgcc.a(_copy_data.o)
 .data          0x00000000        0x0 c:/program files (x86)/atmel/studio/7.0/toolchain/avr8/avr8-gnu-toolchain/bin/../lib/gcc/avr/5.4.0/avr5\libgcc.a(_copy_data.o)
 .bss           0x00000000        0x0 c:/program files (x86)/atmel/studio/7.0/toolchain/avr8/avr8-gnu-toolchain/bin/../lib/gcc/avr/5.4.0/avr5\libgcc.a(_copy_data.o)
 .text.libgcc.mul
                0x00000000        0x0 c:/program files (x86)/atmel/studio/7.0/toolchain/avr8/avr8-gnu-toolchain/bin/../lib/gcc/avr/5.4.0/avr5\libgcc.a(_copy_data.o)
 .text.libgcc.div
                0x00000000        0x0 c:/program files (x86)/atmel/studio/7.0/toolchain/avr8/avr8-gnu-toolchain/bin/../lib/gcc/avr/5.4.0/avr5\libgcc.a(_copy_data.o)
 .text.libgcc   0x00000000        0x0 c:/program files (x86)/atmel/studio/7.0/toolchain/avr8/avr8-gnu-toolchain/bin/../lib/gcc/avr/5.4.0/avr5\libgcc.a(_copy_data.o)
 .text.libgcc.prologue
                0x00000000        0x0 c:/program files (x86)/atmel/studio/7.0/toolchain/avr8/avr8-gnu-toolchain/bin/../lib/gcc/avr/5.4.0/avr5\libgcc.a(_copy_data.o)
 .text.libgcc.builtins
                0x00000000        0x0 c:/program files (x86)/atmel/studio/7.0/toolchain/avr8/avr8-gnu-toolchain/bin/../lib/gcc/avr/5.4.0/avr5\libgcc.a(_copy_data.o)
 .text.libgcc.fmul
                0x00000000        0x0 c:/program files (x86)/atmel/studio/7.0/toolchain/avr8/avr8-gnu-toolchain/bin/../lib/gcc/avr/5.4.0/avr5\libgcc.a(_copy_data.o)
 .text.libgcc.fixed
                0x00000000        0x0 c:/program files (x86)/atmel/studio/7.0/toolchain/avr8/avr8-gnu-toolchain/bin/../lib/gcc/avr/5.4.0/avr5\libgcc.a(_copy_data.o)
 .text          0x00000000        0x0 c:/program files (x86)/atmel/studio/7.0/toolchain/avr8/avr8-gnu-toolchain/bin/../lib/gcc/avr/5.4.0/avr5\libgcc.a(_clear_bss.o)
 .data          0x00000000        0x0 c:/program files (x86)/atmel/studio/7.0/toolchain/avr8/avr8-gnu-toolchain/bin/../lib/gcc/avr/5.4.0/avr5\libgcc.a(_clear_bss.o)
 .bss           0x00000000        0x0 c:/program files (x86)/atmel/studio/7.0/toolchain/avr8/avr8-gnu-toolchain/bin/../lib/gcc/avr/5.4.0/avr5\libgcc.a(_clear_bss.o)
 .text.libgcc.mul
                0x00000000        0x0 c:/program files (x86)/atmel/studio/7.0/toolchain/avr8/avr8-gnu-toolchain/bin/../lib/gcc/avr/5.4.0/avr5\libgcc.a(_clear_bss.o)
 .text.libgcc.div
                0x00000000        0x0 c:/program files (x86)/atmel/studio/7.0/toolchain/avr8/avr8-gnu-toolchain/bin/../lib/gcc/avr/5.4.0/avr5\libgcc.a(_clear_bss.o)
 .text.libgcc   0x00000000        0x0 c:/program files (x86)/atmel/studio/7.0/toolchain/avr8/avr8-gnu-toolchain/bin/../lib/gcc/avr/5.4.0/avr5\libgcc.a(_clear_bss.o)
 .text.libgcc.prologue
                0x00000000        0x0 c:/program files (x86)/atmel/studio/7.0/toolchain/avr8/avr8-gnu-toolchain/bin/../lib/gcc/avr/5.4.0/avr5\libgcc.a(_clear_bss.o)
 .text.libgcc.builtins
                0x00000000        0x0 c:/program files (x86)/atmel/studio/7.0/toolchain/avr8/avr8-gnu-toolchain/bin/../lib/gcc/avr/5.4.0/avr5\libgcc.a(_clear_bss.o)
 .text.libgcc.fmul
                0x00000000        0x0 c:/program files (x86)/atmel/studio/7.0/toolchain/avr8/avr8-gnu-toolchain/bin/../lib/gcc/avr/5.4.0/avr5\libgcc.a(_clear_bss.o)
 .text.libgcc.fixed
                0x00000000        0x0 c:/program files (x86)/atmel/studio/7.0/toolchain/avr8/avr8-gnu-toolchain/bin/../lib/gcc/avr/5.4.0/avr5\libgcc.a(_clear_bss.o)
 .text          0x00000000        0x0 c:/program files (x86)/atmel/studio/7.0/toolchain/avr8/avr8-gnu-toolchain/bin/../lib/gcc/avr/5.4.0/avr5\libgcc.a(_umulhisi3.o)
 .data          0x00000000        0x0 c:/program files (x86)/atmel/studio/7.0/toolchain/avr8/avr8-gnu-toolchain/bin/../lib/gcc/avr/5.4.0/avr5\libgcc.a(_umulhisi3.o)
 .bss           0x00000000        0x0 c:/program files (x86)/atmel/studio/7.0/toolchain/avr8/avr8-gnu-toolchain/bin/../lib/gcc/avr/5.4.0/avr5\libgcc.a(_umulhisi3.o)
 .text.libgcc.div
                0x00000000        0x0 c:/program files (x86)/atmel/studio/7.0/toolchain/avr8/avr8-gnu-toolchain/bin/../lib/gcc/avr/5.4.0/avr5\libgcc.a(_umulhisi3.o)
 .text.libgcc   0x00000000        0x0 c:/program files (x86)/atmel/studio/7.0/toolchain/avr8/avr8-gnu-toolchain/bin/../lib/gcc/avr/5.4.0/avr5\libgcc.a(_umulhisi3.o)
 .text.libgcc.prologue
                0x00000000        0x0 c:/program files (x86)/atmel/studio/7.0/toolchain/avr8/avr8-gnu-toolchain/bin/../lib/gcc/avr/5.4.0/avr5\libgcc.a(_umulhisi3.o)
 .text.libgcc.builtins
                0x00000000        0x0 c:/program files (x86)/atmel/studio/7.0/toolchain/avr8/avr8-gnu-toolchain/bin/../lib/gcc/avr/5.4.0/avr5\libgcc.a(_umulhisi3.o)
 .text.libgcc.fmul
                0x00000000        0x0 c:/program files (x86)/atmel/studio/7.0/toolchain/avr8/avr8-gnu-toolchain/bin/../lib/gcc/avr/5.4.0/avr5\libgcc.a(_umulhisi3.o)
 .text.libgcc.fixed
                0x00000000        0x0 c:/program files (x86)/atmel/studio/7.0/toolchain/avr8/avr8-gnu-toolchain/bin/../lib/gcc/avr/5.4.0/avr5\libgcc.a(_umulhisi3.o)
 .text          0x00000000        0x0 c:/program files (x86)/atmel/studio/7.0/toolchain/avr8/avr8-gnu-toolchain/bin/../lib/gcc/avr/5.4.0/../../../../avr/lib/avr5\libc.a(memcpy.o)
 .data          0x00000000        0x0 c:/program files (x86)/atmel/studio/7.0/toolchain/avr8/avr8-gnu-toolchain/bin/../lib/gcc/avr/5.4.0/../../../../avr/lib/avr5\libc.a(memcpy.o)
 .bss           0x00000000        0x0 c:/program files (x86)/atmel/studio/7.0/toolchain/avr8/avr8-gnu-toolchain/bin/../lib/gcc/avr/5.4.0/../../../../avr/lib/avr5\libc.a(memcpy.o)

Memory Configuration

Name             Origin             Length             Attributes
text             0x00000000         0x00020000         xr
data             0x00800060         0x0000ffa0         rw !x
eeprom           0x00810000         0x00010000         rw !x
fuse             0x00820000         0x00000002         rw !x
lock             0x00830000         0x00000400         rw !x
signature        0x00840000         0x00000400         rw !x
user_signatures  0x00850000         0x00000400         rw !x
*default*        0x00000000         0xffffffff

Linker script and memory map

LOAD C:/Program Files (x86)/Atmel/Studio/7.0/Packs/atmel/ATmega_DFP/1.3.300/gcc/dev/atmega32/avr5/crtatmega32.o
LOAD FreeRTOS/Source/croutine.o
LOAD FreeRTOS/Source/event_groups.o
LOAD FreeRTOS/Source/list.o
LOAD FreeRTOS/Source/portable/Common/mpu_wrappers.o
LOAD FreeRTOS/Source/portable/GCC/ATMega323/port.o
LOAD FreeRTOS/Source/portable/MemMang/heap_1.o
LOAD FreeRTOS/Source/queue.o
LOAD FreeRTOS/Source/stream_buffer.o
LOAD FreeRTOS/Source/tasks.o
LOAD FreeRTOS/Source/timers.o
LOAD lcd_4bit.o
LOAD main.o
LOAD CalculatorTasks.o
LOAD TIM.o
START GROUP
LOAD c:/program files (x86)/atmel/studio/7.0/toolchain/avr8/avr8-gnu-toolchain/bin/../lib/gcc/avr/5.4.0/../../../../avr/lib/avr5\libm.a
END GROUP
START GROUP
LOAD c:/program files (x86)/atmel/studio/7.0/toolchain/avr8/avr8-gnu-toolchain/bin/../lib/gcc/avr/5.4.0/avr5\libgcc.a
LOAD c:/program files (x86)/atmel/studio/7.0/toolchain/avr8/avr8-gnu-toolchain/bin/../lib/gcc/avr/5.4.0/../../../../avr/lib/avr5\libm.a
LOAD c:/program files (x86)/atmel/studio/7.0/toolchain/avr8/avr8-gnu-toolchain/bin/../lib/gcc/avr/5.4.0/../../../../avr/lib/avr5\libc.a
LOAD C:/Program Files (x86)/Atmel/Studio/7.0/Packs/atmel/ATmega_DFP/1.3.300/gcc/dev/atmega32/avr5\libatmega32.a
END GROUP
                0x00000000                __TEXT_REGION_ORIGIN__ = DEFINED (__TEXT_REGION_ORIGIN__)?__TEXT_REGION_ORIGIN__:0x0
                0x00800060                __DATA_REGION_ORIGIN__ = DEFINED (__DATA_REGION_ORIGIN__)?__DATA_REGION_ORIGIN__:0x800060
                0x00020000                __TEXT_REGION_LENGTH__ = DEFINED (__TEXT_REGION_LENGTH__)?__TEXT_REGION_LENGTH__:0x20000
                0x0000ffa0                __DATA_REGION_LENGTH__ = DEFINED (__DATA_REGION_LENGTH__)?__DATA_REGION_LENGTH__:0xffa0
                0x00010000                __EEPROM_REGION_LENGTH__ = DEFINED (__EEPROM_REGION_LENGTH__)?__EEPROM_REGION_LENGTH__:0x10000
                [0x00000002]                __FUSE_REGION_LENGTH__ = DEFINED (__FUSE_REGION_LENGTH__)?__FUSE_REGION_LENGTH__:0x400
                0x00000400                __LOCK_REGION_LENGTH__ = DEFINED (__LOCK_REGION_LENGTH__)?__LOCK_REGION_LENGTH__:0x400
                0x00000400                __SIGNATURE_REGION_LENGTH__ = DEFINED (__SIGNATURE_REGION_LENGTH__)?__SIGNATURE_REGION_LENGTH__:0x400
                0x00000400                __USER_SIGNATURE_REGION_LENGTH__ = DEFINED (__USER_SIGNATURE_REGION_LENGTH__)?__USER_SIGNATURE_REGION_LENGTH__:0x400

.hash
 *(.hash)

.dynsym
 *(.dynsym)

.dynstr
 *(.dynstr)

.gnu.version
 *(.gnu.version)

.gnu.version_d
 *(.gnu.version_d)

.gnu.version_r
 *(.gnu.version_r)

.rel.init
 *(.rel.init)

.rela.init
 *(.rela.init)

.rel.text
 *(.rel.text)
 *(.rel.text.*)
 *(.rel.gnu.linkonce.t*)

.rela.text
 *(.rela.text)
 *(.rela.text.*)
 *(.rela.gnu.linkonce.t*)

.rel.fini
 *(.rel.fini)

.rela.fini
 *(.rela.fini)

.rel.rodata
 *(.rel.rodata)
 *(.rel.rodata.*)
 *(.rel.gnu.linkonce.r*)

.rela.rodata
 *(.rela.rodata)
 *(.rela.rodata.*)
 *(.rela.gnu.linkonce.r*)

.rel.data
 *(.rel.data)
 *(.rel.data.*)
 *(.rel.gnu.linkonce.d*)

.rela.data
 *(.rela.data)
 *(.rela.data.*)
 *(.rela.gnu.linkonce.d*)

.rel.ctors
 *(.rel.ctors)

.rela.ctors
 *(.rela.ctors)

.rel.dtors
 *(.rel.dtors)

.rela.dtors
 *(.rela.dtors)

.rel.got
 *(.rel.got)

.rela.got
 *(.rela.got)

.rel.bss
 *(.rel.bss)

.rela.bss
 *(.rela.bss)

.rel.plt
 *(.rel.plt)

.rela.plt
 *(.rela.plt)

.text           0x00000000     0x2736
 *(.vectors)
 .vectors       0x00000000       0x54 C:/Program Files (x86)/Atmel/Studio/7.0/Packs/atmel/ATmega_DFP/1.3.300/gcc/dev/atmega32/avr5/crtatmega32.o
                0x00000000                __vector_default
                0x00000000                __vectors
 *(.vectors)
 *(.progmem.gcc*)
                0x00000054                . = ALIGN (0x2)
                0x00000054                __trampolines_start = .
 *(.trampolines)
 .trampolines   0x00000054        0x0 linker stubs
 *(.trampolines*)
                0x00000054                __trampolines_end = .
 *libprintf_flt.a:*(.progmem.data)
 *libc.a:*(.progmem.data)
 *(.progmem*)
                0x00000054                . = ALIGN (0x2)
 *(.jumptables)
 *(.jumptables*)
 *(.lowtext)
 *(.lowtext*)
                0x00000054                __ctors_start = .
 *(.ctors)
                0x00000054                __ctors_end = .
                0x00000054                __dtors_start = .
 *(.dtors)
                0x00000054                __dtors_end = .
 SORT(*)(.ctors)
 SORT(*)(.dtors)
 *(.init0)
 .init0         0x00000054        0x0 C:/Program Files (x86)/Atmel/Studio/7.0/Packs/atmel/ATmega_DFP/1.3.300/gcc/dev/atmega32/avr5/crtatmega32.o
                0x00000054                __init
 *(.init0)
 *(.init1)
 *(.init1)
 *(.init2)
 .init2         0x00000054        0xc C:/Program Files (x86)/Atmel/Studio/7.0/Packs/atmel/ATmega_DFP/1.3.300/gcc/dev/atmega32/avr5/crtatmega32.o
 *(.init2)
 *(.init3)
 *(.init3)
 *(.init4)
 .init4         0x00000060       0x16 c:/program files (x86)/atmel/studio/7.0/toolchain/avr8/avr8-gnu-toolchain/bin/../lib/gcc/avr/5.4.0/avr5\libgcc.a(_copy_data.o)
                0x00000060                __do_copy_data
 .init4         0x00000076       0x10 c:/program files (x86)/atmel/studio/7.0/toolchain/avr8/avr8-gnu-toolchain/bin/../lib/gcc/avr/5.4.0/avr5\libgcc.a(_clear_bss.o)
                0x00000076                __do_clear_bss
 *(.init4)
 *(.init5)
 *(.init5)
 *(.init6)
 *(.init6)
 *(.init7)
 *(.init7)
 *(.init8)
 *(.init8)
 *(.init9)
 .init9         0x00000086        0x8 C:/Program Files (x86)/Atmel/Studio/7.0/Packs/atmel/ATmega_DFP/1.3.300/gcc/dev/atmega32/avr5/crtatmega32.o
 *(.init9)
 *(.text)
 .text          0x0000008e        0x4 C:/Program Files (x86)/Atmel/Studio/7.0/Packs/atmel/ATmega_DFP/1.3.300/gcc/dev/atmega32/avr5/crtatmega32.o
                0x0000008e                __vector_1
                0x0000008e                __vector_12
                0x0000008e                __bad_interrupt
                0x0000008e                __vector_6
                0x0000008e                __vector_3
                0x0000008e                __vector_11
                0x0000008e                __vector_13
                0x0000008e                __vector_17
                0x0000008e                __vector_19
                0x0000008e                __vector_5
                0x0000008e                __vector_4
                0x0000008e                __vector_9
                0x0000008e                __vector_2
                0x0000008e                __vector_15
                0x0000008e                __vector_8
                0x0000008e                __vector_14
                0x0000008e                __vector_10
                0x0000008e                __vector_16
                0x0000008e                __vector_18
                0x0000008e                __vector_20
                0x00000092                . = ALIGN (0x2)
 *(.text.*)
 .text.xEventGroupCreate
                0x00000092       0x26 FreeRTOS/Source/event_groups.o
                0x00000092                xEventGroupCreate
 .text.xEventGroupWaitBits
                0x000000b8      0x110 FreeRTOS/Source/event_groups.o
                0x000000b8                xEventGroupWaitBits
 .text.xEventGroupClearBits
                0x000001c8       0x1e FreeRTOS/Source/event_groups.o
                0x000001c8                xEventGroupClearBits
 .text.xEventGroupSetBits
                0x000001e6       0xdc FreeRTOS/Source/event_groups.o
                0x000001e6                xEventGroupSetBits
 .text.vListInitialise
                0x000002c2       0x1c FreeRTOS/Source/list.o
                0x000002c2                vListInitialise
 .text.vListInitialiseItem
                0x000002de        0x8 FreeRTOS/Source/list.o
                0x000002de                vListInitialiseItem
 .text.vListInsertEnd
                0x000002e6       0x42 FreeRTOS/Source/list.o
                0x000002e6                vListInsertEnd
 .text.vListInsert
                0x00000328       0x62 FreeRTOS/Source/list.o
                0x00000328                vListInsert
 .text.uxListRemove
                0x0000038a       0x4e FreeRTOS/Source/list.o
                0x0000038a                uxListRemove
 .text.pxPortInitialiseStack
                0x000003d8       0xd8 FreeRTOS/Source/portable/GCC/ATMega323/port.o
                0x000003d8                pxPortInitialiseStack
 .text.xPortStartScheduler
                0x000004b0       0x6a FreeRTOS/Source/portable/GCC/ATMega323/port.o
                0x000004b0                xPortStartScheduler
 .text.vPortYield
                0x0000051a       0xb2 FreeRTOS/Source/portable/GCC/ATMega323/port.o
                0x0000051a                vPortYield
 .text.vPortYieldFromTick
                0x000005cc       0xb6 FreeRTOS/Source/portable/GCC/ATMega323/port.o
                0x000005cc                vPortYieldFromTick
 .text.__vector_7
                0x00000682        0x6 FreeRTOS/Source/portable/GCC/ATMega323/port.o
                0x00000682                __vector_7
 .text.pvPortMalloc
                0x00000688       0x6a FreeRTOS/Source/portable/MemMang/heap_1.o
                0x00000688                pvPortMalloc
 .text.vPortFree
                0x000006f2        0x2 FreeRTOS/Source/portable/MemMang/heap_1.o
                0x000006f2                vPortFree
 .text.prvIsQueueEmpty
                0x000006f4       0x16 FreeRTOS/Source/queue.o
 .text.prvCopyDataToQueue
                0x0000070a       0x92 FreeRTOS/Source/queue.o
 .text.prvCopyDataFromQueue
                0x0000079c       0x34 FreeRTOS/Source/queue.o
 .text.prvUnlockQueue
                0x000007d0       0x9a FreeRTOS/Source/queue.o
 .text.xQueueGenericReset
                0x0000086a       0x8c FreeRTOS/Source/queue.o
                0x0000086a                xQueueGenericReset
 .text.xQueueGenericCreate
                0x000008f6       0x46 FreeRTOS/Source/queue.o
                0x000008f6                xQueueGenericCreate
 .text.xQueueGenericSend
                0x0000093c      0x142 FreeRTOS/Source/queue.o
                0x0000093c                xQueueGenericSend
 .text.xQueueReceive
                0x00000a7e      0x132 FreeRTOS/Source/queue.o
                0x00000a7e                xQueueReceive
 .text.prvResetNextTaskUnblockTime
                0x00000bb0       0x38 FreeRTOS/Source/tasks.o
 .text.prvAddCurrentTaskToDelayedList
                0x00000be8       0xb0 FreeRTOS/Source/tasks.o
 .text.prvIdleTask
                0x00000c98       0x74 FreeRTOS/Source/tasks.o
 .text.xTaskCreate
                0x00000d0c      0x224 FreeRTOS/Source/tasks.o
                0x00000d0c                xTaskCreate
 .text.vTaskDelete
                0x00000f30       0xaa FreeRTOS/Source/tasks.o
                0x00000f30                vTaskDelete
 .text.vTaskStartScheduler
                0x00000fda       0x54 FreeRTOS/Source/tasks.o
                0x00000fda                vTaskStartScheduler
 .text.vTaskSuspendAll
                0x0000102e        0xc FreeRTOS/Source/tasks.o
                0x0000102e                vTaskSuspendAll
 .text.xTaskGetTickCount
                0x0000103a       0x14 FreeRTOS/Source/tasks.o
                0x0000103a                xTaskGetTickCount
 .text.xTaskIncrementTick
                0x0000104e      0x17e FreeRTOS/Source/tasks.o
                0x0000104e                xTaskIncrementTick
 .text.xTaskResumeAll
                0x000011cc      0x106 FreeRTOS/Source/tasks.o
                0x000011cc                xTaskResumeAll
 .text.vTaskDelayUntil
                0x000012d2       0x7c FreeRTOS/Source/tasks.o
                0x000012d2                vTaskDelayUntil
 .text.vTaskSwitchContext
                0x0000134e       0xcc FreeRTOS/Source/tasks.o
                0x0000134e                vTaskSwitchContext
 .text.vTaskPlaceOnEventList
                0x0000141a       0x24 FreeRTOS/Source/tasks.o
                0x0000141a                vTaskPlaceOnEventList
 .text.vTaskPlaceOnUnorderedEventList
                0x0000143e       0x32 FreeRTOS/Source/tasks.o
                0x0000143e                vTaskPlaceOnUnorderedEventList
 .text.xTaskRemoveFromEventList
                0x00001470       0x90 FreeRTOS/Source/tasks.o
                0x00001470                xTaskRemoveFromEventList
 .text.vTaskRemoveFromUnorderedEventList
                0x00001500       0x70 FreeRTOS/Source/tasks.o
                0x00001500                vTaskRemoveFromUnorderedEventList
 .text.vTaskInternalSetTimeOutState
                0x00001570       0x16 FreeRTOS/Source/tasks.o
                0x00001570                vTaskInternalSetTimeOutState
 .text.xTaskCheckForTimeOut
                0x00001586       0x6c FreeRTOS/Source/tasks.o
                0x00001586                xTaskCheckForTimeOut
 .text.vTaskMissedYield
                0x000015f2        0x8 FreeRTOS/Source/tasks.o
                0x000015f2                vTaskMissedYield
 .text.uxTaskResetEventItemValue
                0x000015fa       0x2e FreeRTOS/Source/tasks.o
                0x000015fa                uxTaskResetEventItemValue
 .text.enableTrigger
                0x00001628       0x1e lcd_4bit.o
                0x00001628                enableTrigger
 .text.lcd_sendCommand
                0x00001646       0x34 lcd_4bit.o
                0x00001646                lcd_sendCommand
 .text.lcd_init
                0x0000167a       0x22 lcd_4bit.o
                0x0000167a                lcd_init
 .text.lcd_displayChar
                0x0000169c       0x34 lcd_4bit.o
                0x0000169c                lcd_displayChar
 .text.lcd_gotoxy
                0x000016d0       0x30 lcd_4bit.o
                0x000016d0                lcd_gotoxy
 .text.lcd_clrScreen
                0x00001700        0x8 lcd_4bit.o
                0x00001700                lcd_clrScreen
 .text.lcd_dispString
                0x00001708       0x1e lcd_4bit.o
                0x00001708                lcd_dispString
 .text.lcd_disp_string_xy
                0x00001726       0x1a lcd_4bit.o
                0x00001726                lcd_disp_string_xy
 .text.lcd_disp_number
                0x00001740       0xda lcd_4bit.o
                0x00001740                lcd_disp_number
 .text.gpio_init
                0x0000181a       0x10 main.o
                0x0000181a                gpio_init
 .text.main     0x0000182a      0x134 main.o
                0x0000182a                main
 .text.vApplicationIdleHook
                0x0000195e       0x1a CalculatorTasks.o
                0x0000195e                vApplicationIdleHook
 .text.WelcomePattern_Task
                0x00001978       0xd0 CalculatorTasks.o
                0x00001978                WelcomePattern_Task
 .text.PromptUserPattern_Task
                0x00001a48      0x148 CalculatorTasks.o
                0x00001a48                PromptUserPattern_Task
 .text.LCD_Task
                0x00001b90       0x7e CalculatorTasks.o
                0x00001b90                LCD_Task
 .text.LED_Task
                0x00001c0e       0xf2 CalculatorTasks.o
                0x00001c0e                LED_Task
 .text.SW_Task  0x00001d00       0xda CalculatorTasks.o
                0x00001d00                SW_Task
 .text.CALC_Task
                0x00001dda      0x428 CalculatorTasks.o
                0x00001dda                CALC_Task
 .text.KEYPAD_Scan
                0x00002202       0xda CalculatorTasks.o
                0x00002202                KEYPAD_Scan
 .text.KEYPAD_Task
                0x000022dc       0x7e CalculatorTasks.o
                0x000022dc                KEYPAD_Task
 .text.TIM2_Init
                0x0000235a       0x1c TIM.o
                0x0000235a                TIM2_Init
 .text.TIM2_SetDutyCycle
                0x00002376       0x2c TIM.o
                0x00002376                TIM2_SetDutyCycle
 .text.avr-libc.fplib
                0x000023a2        0x8 c:/program files (x86)/atmel/studio/7.0/toolchain/avr8/avr8-gnu-toolchain/bin/../lib/gcc/avr/5.4.0/../../../../avr/lib/avr5\libm.a(divsf3.o)
                0x000023a2                __divsf3
 .text.avr-libc.fplib
                0x000023aa       0xdc c:/program files (x86)/atmel/studio/7.0/toolchain/avr8/avr8-gnu-toolchain/bin/../lib/gcc/avr/5.4.0/../../../../avr/lib/avr5\libm.a(divsf3x.o)
                0x000023ca                __divsf3x
                0x000023d0                __divsf3_pse
 .text.avr-libc.fplib
                0x00002486       0x5e c:/program files (x86)/atmel/studio/7.0/toolchain/avr8/avr8-gnu-toolchain/bin/../lib/gcc/avr/5.4.0/../../../../avr/lib/avr5\libm.a(fixunssfsi.o)
                0x00002486                __fixunssfsi
 .text.avr-libc.fplib
                0x000024e4       0x7a c:/program files (x86)/atmel/studio/7.0/toolchain/avr8/avr8-gnu-toolchain/bin/../lib/gcc/avr/5.4.0/../../../../avr/lib/avr5\libm.a(floatsisf.o)
                0x000024e4                __floatunsisf
                0x000024e8                __floatsisf
 .text.avr-libc.fplib
                0x0000255e        0xc c:/program files (x86)/atmel/studio/7.0/toolchain/avr8/avr8-gnu-toolchain/bin/../lib/gcc/avr/5.4.0/../../../../avr/lib/avr5\libm.a(fp_inf.o)
                0x0000255e                __fp_inf
 .text.avr-libc.fplib
                0x0000256a        0x6 c:/program files (x86)/atmel/studio/7.0/toolchain/avr8/avr8-gnu-toolchain/bin/../lib/gcc/avr/5.4.0/../../../../avr/lib/avr5\libm.a(fp_nan.o)
                0x0000256a                __fp_nan
 .text.avr-libc.fplib
                0x00002570        0xe c:/program files (x86)/atmel/studio/7.0/toolchain/avr8/avr8-gnu-toolchain/bin/../lib/gcc/avr/5.4.0/../../../../avr/lib/avr5\libm.a(fp_pscA.o)
                0x00002570                __fp_pscA
 .text.avr-libc.fplib
                0x0000257e        0xe c:/program files (x86)/atmel/studio/7.0/toolchain/avr8/avr8-gnu-toolchain/bin/../lib/gcc/avr/5.4.0/../../../../avr/lib/avr5\libm.a(fp_pscB.o)
                0x0000257e                __fp_pscB
 .text.avr-libc.fplib
                0x0000258c       0x22 c:/program files (x86)/atmel/studio/7.0/toolchain/avr8/avr8-gnu-toolchain/bin/../lib/gcc/avr/5.4.0/../../../../avr/lib/avr5\libm.a(fp_round.o)
                0x0000258c                __fp_round
 .text.avr-libc.fplib
                0x000025ae       0x44 c:/program files (x86)/atmel/studio/7.0/toolchain/avr8/avr8-gnu-toolchain/bin/../lib/gcc/avr/5.4.0/../../../../avr/lib/avr5\libm.a(fp_split3.o)
                0x000025ae                __fp_split3
                0x000025be                __fp_splitA
 .text.avr-libc.fplib
                0x000025f2        0xe c:/program files (x86)/atmel/studio/7.0/toolchain/avr8/avr8-gnu-toolchain/bin/../lib/gcc/avr/5.4.0/../../../../avr/lib/avr5\libm.a(fp_zero.o)
                0x000025f2                __fp_zero
                0x000025f4                __fp_szero
 .text.avr-libc.fplib
                0x00002600        0x8 c:/program files (x86)/atmel/studio/7.0/toolchain/avr8/avr8-gnu-toolchain/bin/../lib/gcc/avr/5.4.0/../../../../avr/lib/avr5\libm.a(mulsf3.o)
                0x00002600                __mulsf3
 .text.avr-libc.fplib
                0x00002608       0xd2 c:/program files (x86)/atmel/studio/7.0/toolchain/avr8/avr8-gnu-toolchain/bin/../lib/gcc/avr/5.4.0/../../../../avr/lib/avr5\libm.a(mulsf3x.o)
                0x00002626                __mulsf3x
                0x0000262c                __mulsf3_pse
 .text.libgcc.div
                0x000026da       0x28 c:/program files (x86)/atmel/studio/7.0/toolchain/avr8/avr8-gnu-toolchain/bin/../lib/gcc/avr/5.4.0/avr5\libgcc.a(_udivmodhi4.o)
                0x000026da                __udivmodhi4
 .text.libgcc.mul
                0x00002702       0x1e c:/program files (x86)/atmel/studio/7.0/toolchain/avr8/avr8-gnu-toolchain/bin/../lib/gcc/avr/5.4.0/avr5\libgcc.a(_umulhisi3.o)
                0x00002702                __umulhisi3
 .text.avr-libc
                0x00002720       0x12 c:/program files (x86)/atmel/studio/7.0/toolchain/avr8/avr8-gnu-toolchain/bin/../lib/gcc/avr/5.4.0/../../../../avr/lib/avr5\libc.a(memcpy.o)
                0x00002720                memcpy
                0x00002732                . = ALIGN (0x2)
 *(.fini9)
 .fini9         0x00002732        0x0 c:/program files (x86)/atmel/studio/7.0/toolchain/avr8/avr8-gnu-toolchain/bin/../lib/gcc/avr/5.4.0/avr5\libgcc.a(_exit.o)
                0x00002732                _exit
                0x00002732                exit
 *(.fini9)
 *(.fini8)
 *(.fini8)
 *(.fini7)
 *(.fini7)
 *(.fini6)
 *(.fini6)
 *(.fini5)
 *(.fini5)
 *(.fini4)
 *(.fini4)
 *(.fini3)
 *(.fini3)
 *(.fini2)
 *(.fini2)
 *(.fini1)
 *(.fini1)
 *(.fini0)
 .fini0         0x00002732        0x4 c:/program files (x86)/atmel/studio/7.0/toolchain/avr8/avr8-gnu-toolchain/bin/../lib/gcc/avr/5.4.0/avr5\libgcc.a(_exit.o)
 *(.fini0)
                0x00002736                _etext = .

.data           0x00800060       0x5a load address 0x00002736
                0x00800060                PROVIDE (__data_start, .)
 *(.data)
 *(.data*)
 .data.display_struct
                0x00800060        0x2 main.o
                0x00800060                display_struct
 *(.gnu.linkonce.d*)
 *(.rodata)
 *(.rodata*)
 .rodata.str1.1
                0x00800062        0x5 FreeRTOS/Source/tasks.o
 .rodata.str1.1
                0x00800067       0x30 main.o
 .rodata.str1.1
                0x00800097       0x22 CalculatorTasks.o
                                 0x2a (size before relaxing)
 *(.gnu.linkonce.r*)
                0x008000ba                . = ALIGN (0x2)
 *fill*         0x008000b9        0x1 
                0x008000ba                _edata = .
                0x008000ba                PROVIDE (__data_end, .)

.bss            0x008000ba      0x662
                0x008000ba                PROVIDE (__bss_start, .)
 *(.bss)
 *(.bss*)
 .bss.pucAlignedHeap.2100
                0x008000ba        0x2 FreeRTOS/Source/portable/MemMang/heap_1.o
 .bss.xNextFreeByte
                0x008000bc        0x2 FreeRTOS/Source/portable/MemMang/heap_1.o
 .bss.ucHeap    0x008000be      0x5dc FreeRTOS/Source/portable/MemMang/heap_1.o
 .bss.uxSchedulerSuspended
                0x0080069a        0x1 FreeRTOS/Source/tasks.o
 .bss.xIdleTaskHandle
                0x0080069b        0x2 FreeRTOS/Source/tasks.o
 .bss.xNextTaskUnblockTime
                0x0080069d        0x2 FreeRTOS/Source/tasks.o
 .bss.uxTaskNumber
                0x0080069f        0x1 FreeRTOS/Source/tasks.o
 .bss.xNumOfOverflows
                0x008006a0        0x1 FreeRTOS/Source/tasks.o
 .bss.xYieldPending
                0x008006a1        0x1 FreeRTOS/Source/tasks.o
 .bss.xPendedTicks
                0x008006a2        0x2 FreeRTOS/Source/tasks.o
 .bss.xSchedulerRunning
                0x008006a4        0x1 FreeRTOS/Source/tasks.o
 .bss.uxTopReadyPriority
                0x008006a5        0x1 FreeRTOS/Source/tasks.o
 .bss.xTickCount
                0x008006a6        0x2 FreeRTOS/Source/tasks.o
 .bss.uxCurrentNumberOfTasks
                0x008006a8        0x1 FreeRTOS/Source/tasks.o
 .bss.xSuspendedTaskList
                0x008006a9        0x9 FreeRTOS/Source/tasks.o
 .bss.uxDeletedTasksWaitingCleanUp
                0x008006b2        0x1 FreeRTOS/Source/tasks.o
 .bss.xTasksWaitingTermination
                0x008006b3        0x9 FreeRTOS/Source/tasks.o
 .bss.xPendingReadyList
                0x008006bc        0x9 FreeRTOS/Source/tasks.o
 .bss.pxOverflowDelayedTaskList
                0x008006c5        0x2 FreeRTOS/Source/tasks.o
 .bss.pxDelayedTaskList
                0x008006c7        0x2 FreeRTOS/Source/tasks.o
 .bss.xDelayedTaskList2
                0x008006c9        0x9 FreeRTOS/Source/tasks.o
 .bss.xDelayedTaskList1
                0x008006d2        0x9 FreeRTOS/Source/tasks.o
 .bss.pxReadyTasksLists
                0x008006db       0x24 FreeRTOS/Source/tasks.o
 .bss.pxCurrentTCB
                0x008006ff        0x2 FreeRTOS/Source/tasks.o
                0x008006ff                pxCurrentTCB
 .bss.calc_disp
                0x00800701        0x8 main.o
 .bss.old.2438  0x00800709        0x1 CalculatorTasks.o
 *(COMMON)
 COMMON         0x0080070a       0x12 main.o
                0x0080070a                SW_Handle
                0x0080070c                queue_handle
                0x0080070e                LCD_Handle
                0x00800710                CALC_Handle
                0x00800712                WelcomePattern_Handle
                0x00800714                event_handle
                0x00800716                PromptUser_Handle
                0x00800718                KEYPAD_Handle
                0x0080071a                LED_Handle
                0x0080071c                PROVIDE (__bss_end, .)
                0x00002736                __data_load_start = LOADADDR (.data)
                0x00002790                __data_load_end = (__data_load_start + SIZEOF (.data))

.noinit         0x0080071c        0x0
                [!provide]                PROVIDE (__noinit_start, .)
 *(.noinit*)
                [!provide]                PROVIDE (__noinit_end, .)
                0x0080071c                _end = .
                [!provide]                PROVIDE (__heap_start, .)

.eeprom         0x00810000        0x0
 *(.eeprom*)
                0x00810000                __eeprom_end = .

.fuse
 *(.fuse)
 *(.lfuse)
 *(.hfuse)
 *(.efuse)

.lock
 *(.lock*)

.signature
 *(.signature*)

.user_signatures
 *(.user_signatures*)

.stab
 *(.stab)

.stabstr
 *(.stabstr)

.stab.excl
 *(.stab.excl)

.stab.exclstr
 *(.stab.exclstr)

.stab.index
 *(.stab.index)

.stab.indexstr
 *(.stab.indexstr)

.comment        0x00000000       0x30
 *(.comment)
 .comment       0x00000000       0x30 FreeRTOS/Source/event_groups.o
                                 0x31 (size before relaxing)
 .comment       0x00000030       0x31 FreeRTOS/Source/list.o
 .comment       0x00000030       0x31 FreeRTOS/Source/portable/GCC/ATMega323/port.o
 .comment       0x00000030       0x31 FreeRTOS/Source/portable/MemMang/heap_1.o
 .comment       0x00000030       0x31 FreeRTOS/Source/queue.o
 .comment       0x00000030       0x31 FreeRTOS/Source/tasks.o
 .comment       0x00000030       0x31 lcd_4bit.o
 .comment       0x00000030       0x31 main.o
 .comment       0x00000030       0x31 CalculatorTasks.o
 .comment       0x00000030       0x31 TIM.o

.note.gnu.avr.deviceinfo
                0x00000000       0x3c
 .note.gnu.avr.deviceinfo
                0x00000000       0x3c C:/Program Files (x86)/Atmel/Studio/7.0/Packs/atmel/ATmega_DFP/1.3.300/gcc/dev/atmega32/avr5/crtatmega32.o

.note.gnu.build-id
 *(.note.gnu.build-id)

.debug
 *(.debug)

.line
 *(.line)

.debug_srcinfo
 *(.debug_srcinfo)

.debug_sfnames
 *(.debug_sfnames)

.debug_aranges  0x00000000      0x448
 *(.debug_aranges)
 .debug_aranges
                0x00000000       0x60 FreeRTOS/Source/event_groups.o
 .debug_aranges
                0x00000060       0x40 FreeRTOS/Source/list.o
 .debug_aranges
                0x000000a0       0x48 FreeRTOS/Source/portable/GCC/ATMega323/port.o
 .debug_aranges
                0x000000e8       0x38 FreeRTOS/Source/portable/MemMang/heap_1.o
 .debug_aranges
                0x00000120       0xd8 FreeRTOS/Source/queue.o
 .debug_aranges
                0x000001f8      0x140 FreeRTOS/Source/tasks.o
 .debug_aranges
                0x00000338       0x60 lcd_4bit.o
 .debug_aranges
                0x00000398       0x28 main.o
 .debug_aranges
                0x000003c0       0x60 CalculatorTasks.o
 .debug_aranges
                0x00000420       0x28 TIM.o

.debug_pubnames
 *(.debug_pubnames)

.debug_info     0x00000000     0x5dfa
 *(.debug_info .gnu.linkonce.wi.*)
 .debug_info    0x00000000      0x4e6 C:/Program Files (x86)/Atmel/Studio/7.0/Packs/atmel/ATmega_DFP/1.3.300/gcc/dev/atmega32/avr5/crtatmega32.o
 .debug_info    0x000004e6      0x90b FreeRTOS/Source/event_groups.o
 .debug_info    0x00000df1      0x2d8 FreeRTOS/Source/list.o
 .debug_info    0x000010c9      0x254 FreeRTOS/Source/portable/GCC/ATMega323/port.o
 .debug_info    0x0000131d      0x1a4 FreeRTOS/Source/portable/MemMang/heap_1.o
 .debug_info    0x000014c1     0x1770 FreeRTOS/Source/queue.o
 .debug_info    0x00002c31     0x1bec FreeRTOS/Source/tasks.o
 .debug_info    0x0000481d      0x3f4 lcd_4bit.o
 .debug_info    0x00004c11      0x48b main.o
 .debug_info    0x0000509c      0xcb6 CalculatorTasks.o
 .debug_info    0x00005d52       0xa8 TIM.o

.debug_abbrev   0x00000000     0x153e
 *(.debug_abbrev)
 .debug_abbrev  0x00000000      0x4a3 C:/Program Files (x86)/Atmel/Studio/7.0/Packs/atmel/ATmega_DFP/1.3.300/gcc/dev/atmega32/avr5/crtatmega32.o
 .debug_abbrev  0x000004a3      0x20c FreeRTOS/Source/event_groups.o
 .debug_abbrev  0x000006af       0xff FreeRTOS/Source/list.o
 .debug_abbrev  0x000007ae      0x155 FreeRTOS/Source/portable/GCC/ATMega323/port.o
 .debug_abbrev  0x00000903      0x11c FreeRTOS/Source/portable/MemMang/heap_1.o
 .debug_abbrev  0x00000a1f      0x2af FreeRTOS/Source/queue.o
 .debug_abbrev  0x00000cce      0x329 FreeRTOS/Source/tasks.o
 .debug_abbrev  0x00000ff7      0x179 lcd_4bit.o
 .debug_abbrev  0x00001170      0x10a main.o
 .debug_abbrev  0x0000127a      0x24c CalculatorTasks.o
 .debug_abbrev  0x000014c6       0x78 TIM.o

.debug_line     0x00000000     0x3539
 *(.debug_line .debug_line.* .debug_line_end)
 .debug_line    0x00000000      0x115 C:/Program Files (x86)/Atmel/Studio/7.0/Packs/atmel/ATmega_DFP/1.3.300/gcc/dev/atmega32/avr5/crtatmega32.o
 .debug_line    0x00000115      0x3e9 FreeRTOS/Source/event_groups.o
 .debug_line    0x000004fe      0x222 FreeRTOS/Source/list.o
 .debug_line    0x00000720      0x2c8 FreeRTOS/Source/portable/GCC/ATMega323/port.o
 .debug_line    0x000009e8      0x1d9 FreeRTOS/Source/portable/MemMang/heap_1.o
 .debug_line    0x00000bc1      0xc23 FreeRTOS/Source/queue.o
 .debug_line    0x000017e4      0xf5c FreeRTOS/Source/tasks.o
 .debug_line    0x00002740      0x2f6 lcd_4bit.o
 .debug_line    0x00002a36      0x18c main.o
 .debug_line    0x00002bc2      0x8af CalculatorTasks.o
 .debug_line    0x00003471       0xc8 TIM.o

.debug_frame    0x00000000      0xd88
 *(.debug_frame)
 .debug_frame   0x00000000      0x158 FreeRTOS/Source/event_groups.o
 .debug_frame   0x00000158       0x88 FreeRTOS/Source/list.o
 .debug_frame   0x000001e0       0x74 FreeRTOS/Source/portable/GCC/ATMega323/port.o
 .debug_frame   0x00000254       0x60 FreeRTOS/Source/portable/MemMang/heap_1.o
 .debug_frame   0x000002b4      0x368 FreeRTOS/Source/queue.o
 .debug_frame   0x0000061c      0x4b8 FreeRTOS/Source/tasks.o
 .debug_frame   0x00000ad4       0xf0 lcd_4bit.o
 .debug_frame   0x00000bc4       0x44 main.o
 .debug_frame   0x00000c08      0x14c CalculatorTasks.o
 .debug_frame   0x00000d54       0x34 TIM.o

.debug_str      0x00000000     0x192b
 *(.debug_str)
 .debug_str     0x00000000      0x196 C:/Program Files (x86)/Atmel/Studio/7.0/Packs/atmel/ATmega_DFP/1.3.300/gcc/dev/atmega32/avr5/crtatmega32.o
 .debug_str     0x00000196      0x51e FreeRTOS/Source/event_groups.o
                                0x598 (size before relaxing)
 .debug_str     0x000006b4       0x97 FreeRTOS/Source/list.o
                                0x2c3 (size before relaxing)
 .debug_str     0x0000074b      0x141 FreeRTOS/Source/portable/GCC/ATMega323/port.o
                                0x2d1 (size before relaxing)
 .debug_str     0x0000088c       0x98 FreeRTOS/Source/portable/MemMang/heap_1.o
                                0x245 (size before relaxing)
 .debug_str     0x00000924      0x555 FreeRTOS/Source/queue.o
                                0x830 (size before relaxing)
 .debug_str     0x00000e79      0x76e FreeRTOS/Source/tasks.o
                                0xc7a (size before relaxing)
 .debug_str     0x000015e7      0x10a lcd_4bit.o
                                0x288 (size before relaxing)
 .debug_str     0x000016f1      0x10b main.o
                                0x32a (size before relaxing)
 .debug_str     0x000017fc      0x124 CalculatorTasks.o
                                0x4a8 (size before relaxing)
 .debug_str     0x00001920        0xb TIM.o
                                0x187 (size before relaxing)

.debug_loc      0x00000000     0x5e92
 *(.debug_loc)
 .debug_loc     0x00000000      0xb78 FreeRTOS/Source/event_groups.o
 .debug_loc     0x00000b78      0x145 FreeRTOS/Source/list.o
 .debug_loc     0x00000cbd      0x2a0 FreeRTOS/Source/portable/GCC/ATMega323/port.o
 .debug_loc     0x00000f5d       0xf1 FreeRTOS/Source/portable/MemMang/heap_1.o
 .debug_loc     0x0000104e     0x1f34 FreeRTOS/Source/queue.o
 .debug_loc     0x00002f82     0x1ea7 FreeRTOS/Source/tasks.o
 .debug_loc     0x00004e29      0x5c9 lcd_4bit.o
 .debug_loc     0x000053f2       0x3c main.o
 .debug_loc     0x0000542e      0xa38 CalculatorTasks.o
 .debug_loc     0x00005e66       0x2c TIM.o

.debug_macinfo
 *(.debug_macinfo)

.debug_weaknames
 *(.debug_weaknames)

.debug_funcnames
 *(.debug_funcnames)

.debug_typenames
 *(.debug_typenames)

.debug_varnames
 *(.debug_varnames)

.debug_pubtypes
 *(.debug_pubtypes)

.debug_ranges   0x00000000      0x4c8
 *(.debug_ranges)
 .debug_ranges  0x00000000       0x68 FreeRTOS/Source/event_groups.o
 .debug_ranges  0x00000068       0x30 FreeRTOS/Source/list.o
 .debug_ranges  0x00000098       0x38 FreeRTOS/Source/portable/GCC/ATMega323/port.o
 .debug_ranges  0x000000d0       0x28 FreeRTOS/Source/portable/MemMang/heap_1.o
 .debug_ranges  0x000000f8      0x158 FreeRTOS/Source/queue.o
 .debug_ranges  0x00000250      0x1a8 FreeRTOS/Source/tasks.o
 .debug_ranges  0x000003f8       0x50 lcd_4bit.o
 .debug_ranges  0x00000448       0x18 main.o
 .debug_ranges  0x00000460       0x50 CalculatorTasks.o
 .debug_ranges  0x000004b0       0x18 TIM.o

.debug_macro
 *(.debug_macro)
OUTPUT(RTOS_Project.elf elf32-avr)
LOAD linker stubs
